[36mvite v8.0.5 [32mbuilding client environment for production...[36m[39m
[2K
node.exe : [31mΓ£ù[39m Build failed in 119ms
At line:1 char:1
+ & "C:\Program Files\nodejs/node.exe" "C:\Program Files\nodejs/node_mo ...
+ ~~~~~~~~~~~~~~~~~~~~~~~~~~~~~~~~~~~~~~~~~~~~~~~~~~~~~~~~~~~~~~~~~~~~~
    + CategoryInfo          : NotSpecified: ([31mΓ£ù[39m Build failed in 119ms:String) [], RemoteException
    + FullyQualifiedErrorId : NativeCommandError
 
transforming...
PWA v1.2.0
mode      generateSW
precache  49 entries (657.28 KiB)
files generated
  dist/sw.js
  dist/workbox-8c29f6e4.js
[31merror during build:
[31mBuild failed with 1 error:

[plugin vite-plugin-pwa:build]
Error: Build failed with 2 errors:

[31m[PARSE_ERROR] Error:[0m Identifier `latestAudit` has already been declared
     [38;5;246mΓò¡[0m[38;5;246mΓöÇ[0m[38;5;246m[[0m src/admin.js:22:5 [38;5;246m][0m
     [38;5;246mΓöé[0m
 [38;5;246m 22 Γöé[0m [38;5;249ml[0m[38;5;249me[0m[38;5;249mt[0m[38;5;249m [0mlatestAudit[38;5;249m 
[0m[38;5;249m=[0m[38;5;249m [0m[38;5;249mn[0m[38;5;249mu[0m[38;5;249ml[0m[38;5;249ml[0m[38;5;249m;[0m
 [38;5;240m    Γöé[0m     ΓöÇΓöÇΓöÇΓöÇΓöÇΓö¼ΓöÇΓöÇΓöÇΓöÇΓöÇ  
 [38;5;240m    Γöé[0m          Γò░ΓöÇΓöÇΓöÇΓöÇΓöÇΓöÇΓöÇ `latestAudit` has already been declared here
 [38;5;240m    Γöé[0m 
 [38;5;246m311 Γöé[0m [38;5;249ml[0m[38;5;249me[0m[38;5;249mt[0m[38;5;249m [0mlatestAudit[38;5;249m 
[0m[38;5;249m=[0m[38;5;249m [0m[38;5;249mn[0m[38;5;249mu[0m[38;5;249ml[0m[38;5;249ml[0m[38;5;249m;[0m
 [38;5;240m    Γöé[0m     ΓöÇΓöÇΓöÇΓöÇΓöÇΓö¼ΓöÇΓöÇΓöÇΓöÇΓöÇ  
 [38;5;240m    Γöé[0m          Γò░ΓöÇΓöÇΓöÇΓöÇΓöÇΓöÇΓöÇ It can not be redeclared here
[38;5;246mΓöÇΓöÇΓöÇΓöÇΓöÇΓò»[0m

[31m[PARSE_ERROR] Error:[0m Identifier `latestSocialAudit` has already been declared
     [38;5;246mΓò¡[0m[38;5;246mΓöÇ[0m[38;5;246m[[0m src/admin.js:23:5 [38;5;246m][0m
     [38;5;246mΓöé[0m
 [38;5;246m 23 Γöé[0m [38;5;249ml[0m[38;5;249me[0m[38;5;249mt[0m[38;5;249m [0mlatestSocialAudit[38;5;249m 
[0m[38;5;249m=[0m[38;5;249m [0m[38;5;249mn[0m[38;5;249mu[0m[38;5;249ml[0m[38;5;249ml[0m[38;5;249m;[0m
 [38;5;240m    Γöé[0m     ΓöÇΓöÇΓöÇΓöÇΓöÇΓöÇΓöÇΓöÇΓö¼ΓöÇΓöÇΓöÇΓöÇΓöÇΓöÇΓöÇΓöÇ  
 [38;5;240m    Γöé[0m             Γò░ΓöÇΓöÇΓöÇΓöÇΓöÇΓöÇΓöÇΓöÇΓöÇΓöÇ `latestSocialAudit` has already been declared 
here
 [38;5;240m    Γöé[0m 
 [38;5;246m312 Γöé[0m [38;5;249ml[0m[38;5;249me[0m[38;5;249mt[0m[38;5;249m [0mlatestSocialAudit[38;5;249m 
[0m[38;5;249m=[0m[38;5;249m [0m[38;5;249mn[0m[38;5;249mu[0m[38;5;249ml[0m[38;5;249ml[0m[38;5;249m;[0m
 [38;5;240m    Γöé[0m     ΓöÇΓöÇΓöÇΓöÇΓöÇΓöÇΓöÇΓöÇΓö¼ΓöÇΓöÇΓöÇΓöÇΓöÇΓöÇΓöÇΓöÇ  
 [38;5;240m    Γöé[0m             Γò░ΓöÇΓöÇΓöÇΓöÇΓöÇΓöÇΓöÇΓöÇΓöÇΓöÇ It can not be redeclared here
[38;5;246mΓöÇΓöÇΓöÇΓöÇΓöÇΓò»[0m
    at aggregateBindingErrorsIntoJsError 
(file:///C:/C4H%20Website/node_modules/rolldown/dist/shared/error-BLhcSyeg.mjs:48:18)
    at plugin 
(file:///C:/C4H%20Website/node_modules/rolldown/dist/shared/bindingify-input-options-e7ze4hPR.mjs:1024:61)
    at plugin.<computed> 
(file:///C:/C4H%20Website/node_modules/rolldown/dist/shared/bindingify-input-options-e7ze4hPR.mjs:1593:18)[31m
    at aggregateBindingErrorsIntoJsError 
(file:///C:/C4H%20Website/node_modules/rolldown/dist/shared/error-BLhcSyeg.mjs:48:18)
    at unwrapBindingResult (file:///C:/C4H%20Website/node_modules/rolldown/dist/shared/error-BLhcSyeg.mjs:18:128)
    at #build (file:///C:/C4H%20Website/node_modules/rolldown/dist/shared/rolldown-build-CPrIX9V6.mjs:3313:34)
    at async buildEnvironment (file:///C:/C4H%20Website/node_modules/vite/dist/node/chunks/node.js:32939:64)
    at async Object.build (file:///C:/C4H%20Website/node_modules/vite/dist/node/chunks/node.js:33361:19)
    at async Object.buildApp (file:///C:/C4H%20Website/node_modules/vite/dist/node/chunks/node.js:33358:153)
    at async CAC.<anonymous> (file:///C:/C4H%20Website/node_modules/vite/dist/node/cli.js:778:3) {
  errors: [Getter/Setter]
}[39m
